[     977ms] [WARNING] %c%s%c  ⚠ Unsupported metadata themeColor is configured in metadata export in /settings. Please move it to viewport export instead.
Read more: https://nextjs.org/docs/app/api-reference/functions/generate-viewport background: #e6e6e6;background: light-dark(rgba(0,0,0,0.1), rgba(255,255,255,0.25));color: #000000;color: light-dark(#000000, #ffffff);border-radius: 2px  Server   @ webpack-internal:///(app-pages-browser)/./node_modules/next/dist/compiled/react-server-dom-webpack/cjs/react-server-dom-webpack-client.browser.development.js:2647
[     977ms] [WARNING] %c%s%c  ⚠ Unsupported metadata viewport is configured in metadata export in /settings. Please move it to viewport export instead.
Read more: https://nextjs.org/docs/app/api-reference/functions/generate-viewport background: #e6e6e6;background: light-dark(rgba(0,0,0,0.1), rgba(255,255,255,0.25));color: #000000;color: light-dark(#000000, #ffffff);border-radius: 2px  Server   @ webpack-internal:///(app-pages-browser)/./node_modules/next/dist/compiled/react-server-dom-webpack/cjs/react-server-dom-webpack-client.browser.development.js:2647
[    1035ms] [ERROR] A tree hydrated but some attributes of the server rendered HTML didn't match the client properties. This won't be patched up. This can happen if a SSR-ed Client Component used:

- A server/client branch `if (typeof window !== 'undefined')`.
- Variable input such as `Date.now()` or `Math.random()` which changes each time it's called.
- Date formatting in a user's locale which doesn't match the server.
- External changing data without sending a snapshot of it along with the HTML.
- Invalid HTML tag nesting.

It can also happen if the client has a browser extension installed which messes with the HTML before React loaded.

%s%s https://react.dev/link/hydration-mismatch 

  ...
    <HTTPAccessFallbackBoundary notFound={undefined} forbidden={undefined} unauthorized={undefined}>
      <RedirectBoundary>
        <RedirectErrorBoundary router={{...}}>
          <InnerLayoutRouter url="/settings" tree={[...]} cacheNode={{lazyData:null, ...}} segmentPath={[...]}>
            <ClientPageRoot Component={function SettingsPage} searchParams={{}} params={{}}>
              <SettingsPage params={Promise} searchParams={Promise}>
                <div className="container ...">
                  <div>
                  <_c>
                  <_c>
                  <_c>
                    <div ref={null} className="rounded-xl...">
                      <_c2>
                      <_c8>
                        <div ref={null} className="p-6 pt-0">
                          <div className="space-y-2">
                            <p>
                            <p>
                            <div className="flex gap-2...">
                              <button>
                              <button>
                              <button
                                onClick={function onClick}
+                               className="px-4 py-2 rounded-md text-sm font-medium border capitalize transition-color..."
-                               className="px-4 py-2 rounded-md text-sm font-medium border capitalize transition-color..."
+                               aria-pressed={true}
-                               aria-pressed="false"
                              >
+                               system
                  ...
            ...
 @ webpack-internal:///(app-pages-browser)/./node_modules/next/dist/client/components/globals/intercept-console-error.js:49
[    1133ms] [ERROR] WebSocket connection to 'ws://localhost:9000/_next/webpack-hmr' failed: Connection closed before receiving a handshake response @ webpack-internal:///(app-pages-browser)/./node_modules/next/dist/client/components/react-dev-overlay/utils/use-websocket.js:41
[    1750ms] [ERROR] Failed to load resource: the server responded with a status of 404 (Not Found) @ http://localhost:9000/images/icon-192.png:0
[    1779ms] [WARNING] Error while trying to use the following icon from the Manifest: http://localhost:9000/images/icon-192.png (Download error or resource isn't a valid image) @ http://localhost:9000/settings:0
